python : C:\Users\naife\AppData\Local\Programs\Python\Python313\Lib\site-packages\flask_sqlalchemy\query.py:30: 
LegacyAPIWarning: The Query.get() method is considered legacy as of the 1.x series of SQLAlchemy and becomes a legacy 
construct in 2.0. The method is now available as Session.get() (deprecated since: 2.0) (Background on SQLAlchemy 2.0 
at: https://sqlalche.me/e/b8d9)
En línea: 1 Carácter: 1
+ python tests/test_admin_templates.py > test_output.txt 2>&1
+ ~~~~~~~~~~~~~~~~~~~~~~~~~~~~~~~~~~~~~~~~~~~~~~~~~~~~~~~~~~~
    + CategoryInfo          : NotSpecified: (C:\Users\naife\...lche.me/e/b8d9):String) [], RemoteException
    + FullyQualifiedErrorId : NativeCommandError
 
  rv = self.get(ident)
.F
======================================================================
FAIL: test_admin_usuarios_list (__main__.TestAdminTemplates.test_admin_usuarios_list)
----------------------------------------------------------------------
Traceback (most recent call last):
  File "C:\Users\naife\Documents\proyecto\rentflow\tests\test_admin_templates.py", line 71, in test_admin_usuarios_list
    self.assertIn(b'value="2">Clientes</option>', response.data)
    ~~~~~~~~~~~~~^^^^^^^^^^^^^^^^^^^^^^^^^^^^^^^^^^^^^^^^^^^^^^^
AssertionError: b'value="2">Clientes</option>' not found in b'<!DOCTYPE html>\n<html lang="es">\n\n<head>\n    <meta 
charset="UTF-8" />\n    <meta name="viewport" content="width=device-width, initial-scale=1.0" />\n    
<title>Gesti\xc3\xb3n de Usuarios - Rentflow</title>\n    <link 
href="https://cdn.jsdelivr.net/npm/bootstrap@5.3.3/dist/css/bootstrap.min.css" rel="stylesheet" />\n    <link 
rel="stylesheet" href="https://cdnjs.cloudflare.com/ajax/libs/font-awesome/6.5.2/css/all.min.css" />\n    <style>\n    
    /* Definici\xc3\xb3n de colores y tipograf\xc3\xada */\n        :root {\n            --bs-primary: #00874a;\n      
      /* Un verde vibrante y profesional */\n            --bs-secondary: #f4f4f4;\n            /* Gris claro para 
fondos sutiles */\n            --bs-font-sans-serif: "Poppins", sans-serif;\n            /* Tipograf\xc3\xada 
m\xc3\xa1s moderna */\n        }\n\n        body {\n            font-family: var(--bs-font-sans-serif);\n            
background-color: #f8f9fa;\n            /* Fondo muy claro */\n        }\n\n        .navbar-brand {\n            
font-weight: 700;\n            /* M\xc3\xa1s audaz */\n            color: var(--bs-primary) !important;\n            
font-size: 1.5rem;\n        }\n\n        .nav-link {\n            font-weight: 500;\n            color: #495057 
!important;\n            /* Gris oscuro para mejor legibilidad */\n            padding-left: 1rem !important;\n        
    padding-right: 1rem !important;\n        }\n\n        .nav-link:hover {\n            color: var(--bs-primary) 
!important;\n        }\n\n        /* Bot\xc3\xb3n primario y destacado en la navegaci\xc3\xb3n */\n        
.btn-main-action {\n            background-color: var(--bs-primary);\n            border-color: var(--bs-primary);\n   
         font-weight: 600;\n            transition: all 0.3s;\n        }\n\n        .btn-main-action:hover {\n         
   background-color: #00683a;\n            /* Un tono m\xc3\xa1s oscuro en hover */\n            border-color: 
#00683a;\n            transform: translateY(-1px);\n        }\n\n        /* Estilo del dropdown de usuario (para 
m\xc3\xa1s profesionalismo) */\n        .dropdown-menu {\n            border: none;\n            box-shadow: 0 4px 
12px rgba(0, 0, 0, 0.1);\n        }\n\n        /* Footer moderno */\n        .footer-custom {\n            
background-color: #343a40;\n            /* Fondo oscuro (negro/gris) para contraste */\n            color: #adb5bd;\n  
          border-top: 5px solid var(--bs-primary);\n            /* L\xc3\xadnea de color primario */\n        }\n    
</style>\n</head>\n\n<body>\n    <nav class="navbar navbar-expand-lg navbar-light bg-white shadow-sm sticky-top">\n    
    <div class="container">\n            <a class="navbar-brand" href="/">\n                <i class="fa-solid 
fa-recycle me-1"></i> Rentflow\n            </a>\n\n            <button class="navbar-toggler" type="button" 
data-bs-toggle="collapse" data-bs-target="#navbarNav">\n                <span class="navbar-toggler-icon"></span>\n    
        </button>\n\n            <div class="collapse navbar-collapse" id="navbarNav">\n                <div 
class="navbar-nav me-auto">\n                    <a class="nav-link" href="/objetos/">\n                        <i 
class="fa-solid fa-magnifying-glass me-1"></i> Explorar\n                    </a>\n                    \n              
      <a class="nav-link" href="/reservas/">\n                        <i class="fa-solid fa-calendar-check me-1"></i> 
Mis Reservas\n                    </a>\n                    <a class="nav-link" href="/pagos/historial">\n             
           <i class="fa-solid fa-credit-card me-1"></i> Mis Pagos\n                    </a>\n                    \n    
            </div>\n\n                <div class="navbar-nav ms-auto align-items-lg-center">\n                    \n\n 
                   \n                    <a class="btn btn-main-action text-white me-3 mb-2 mb-lg-0"\n                 
       href="/objetos/nuevo">\n                        <i class="fa-solid fa-circle-plus me-1"></i> Nuevo Objeto\n     
               </a>\n                    <a class="btn btn-outline-white text-success me-3 mb-2 mb-lg-0"\n             
           href="/objetos/borradores">\n                        <i class="fa-solid fa-file-lines me-1"></i> Mis 
Borradores\n                    </a>\n                    \n\n                    <div class="nav-item dropdown">\n    
                    <a class="nav-link dropdown-toggle d-flex align-items-center" href="#" role="button"\n             
               data-bs-toggle="dropdown">\n                            \n\n                            <img 
src="https://ui-avatars.com/api/?name=Admin&amp;background=random&amp;color=fff&amp;rounded=true&amp;size=64" 
alt="Avatar" class="rounded-circle me-2 shadow-sm" width="34"\n                                height="34" />\n\n      
                      <span class="d-none d-lg-inline">Admin</span>\n                        </a>\n                    
    <ul class="dropdown-menu dropdown-menu-end">\n                            <li>\n                                <a 
class="dropdown-item" href="/usuarios/perfil">\n                                    <i class="fa-solid fa-user 
me-2"></i> Mi Perfil\n                                </a>\n                            </li>\n                        
    \n                            <li>\n                                <hr class="dropdown-divider" />\n              
              </li>\n                            <li class="dropdown-header text-muted">Administraci\xc3\xb3n</li>\n   
                         <li>\n                                <a class="dropdown-item" href="/admin/">\n              
                      <i class="fa-solid fa-chart-line me-2"></i> Dashboard\n                                </a>\n    
                        </li>\n                            \n                            <li>\n                        
        <hr class="dropdown-divider" />\n                            </li>\n                            <li>\n         
                       <a class="dropdown-item text-danger" href="/auth/logout">\n                                    
<i class="fa-solid fa-right-from-bracket me-2"></i> Cerrar\n                                    Sesi\xc3\xb3n\n        
                        </a>\n                            </li>\n                        </ul>\n                    
</div>\n                    \n                </div>\n            </div>\n        </div>\n    </nav>\n\n    <div 
class="container mt-4">\n          \n    </div>\n\n    <main class="container py-4">\n<div class="container mt-4">\n\n 
 <!-- T\xc3\x8dTULO + VOLVER -->\n  <div class="d-flex justify-content-between align-items-center mb-4">\n    <h2 
class="fw-bold text-primary mb-0">\n      <i class="bi bi-people me-2"></i> Gesti\xc3\xb3n de Usuarios\n    </h2>\n\n  
  <a href="/admin/" class="btn btn-primary btn-sm">\n      <i class="fa-solid fa-gauge me-1"></i> Volver al 
Dashboard\n    </a>\n  </div>\n\n  <!-- MENSAJES FLASH -->\n  \n  \n  \n\n  <!-- ESTAD\xc3\x8dSTICAS -->\n  <div 
class="row mb-4">\n    <div class="col-md-4">\n      <div class="card text-center shadow-sm">\n        <div 
class="card-body">\n          <h5 class="card-title fw-bold">Total de Usuarios</h5>\n          <p class="display-6 
text-primary">2</p>\n        </div>\n      </div>\n    </div>\n\n    <div class="col-md-4">\n      <div class="card 
text-center shadow-sm">\n        <div class="card-body">\n          <h5 class="card-title 
fw-bold">Administradores</h5>\n          <p class="display-6 text-danger">\n            1\n          </p>\n        
</div>\n      </div>\n    </div>\n\n    <div class="col-md-4">\n      <div class="card text-center shadow-sm">\n       
 <div class="card-body">\n          <h5 class="card-title fw-bold">Usuarios Activos</h5>\n          <p 
class="display-6 text-success">\n            2\n          </p>\n        </div>\n      </div>\n    </div>\n  </div>\n\n 
 <!-- FILTROS -->\n  <div class="card shadow-sm mb-4">\n    <div class="card-header bg-primary text-white fw-bold">\n  
    <i class="bi bi-funnel me-2"></i> Filtros\n    </div>\n\n    <div class="card-body">\n      <div class="row 
g-3">\n        <option value="activo">Activos</option>\n        <option value="suspendido">Suspendidos</option>\n      
  </select>\n      </div>\n\n      <div class="col-md-2">\n        <button class="btn btn-success w-100" 
onclick="filtrarUsuarios()">\n          <i class="bi bi-search me-1"></i> Filtrar\n        </button>\n      </div>\n   
 </div>\n  </div>\n</div>\n\n<!-- TABLA DE USUARIOS -->\n<div class="card shadow-sm">\n  <div class="card-header 
bg-secondary text-white fw-bold">\n    <i class="fa-solid fa-users me-2"></i> Lista de Usuarios\n  </div>\n\n  <div 
class="card-body table-responsive">\n    <table class="table table-striped align-middle">\n      <thead>\n        
<tr>\n          <th>Usuario</th>\n          <th>Contacto</th>\n          <th>Rol</th>\n          <th>Registro</th>\n   
       <th>Estado</th>\n          <th class="text-center">Acciones</th>\n        </tr>\n      </thead>\n\n      
<tbody>\n        \n        <tr>\n          <td>\n            <div class="d-flex align-items-center">\n              
<img\n                
src="https://ui-avatars.com/api/?name=Admin+User&background=0D6EFD&color=fff&rounded=true&size=45"\n                
class="rounded-circle me-3">\n              <div>\n                <strong>Admin User</strong><br>\n                
<small class="text-muted">ID: 1</small>\n              </div>\n            </div>\n          </td>\n\n          <td>\n 
           <small>admin@test.com</small><br>\n            <small class="text-muted">123</small>\n          </td>\n\n   
       <td>\n            <span\n              class="badge bg-danger">\n              \n              Administrador\n  
            \n            </span>\n          </td>\n\n          <td>\n            <small>28/11/2025</small>\n          
</td>\n\n          <td>\n            <span class="badge bg-success">\n              <i class="bi bi-check-circle"></i> 
Activo\n            </span>\n          </td>\n\n          <td class="text-center">\n            <a 
href="/admin/usuarios/1"\n              class="btn btn-outline-primary btn-sm me-2">\n              <i class="fa-solid 
fa-eye"></i> Ver\n            </a>\n\n            <a href="/admin/usuarios/1/editar" class="btn btn-warning btn-sm 
me-2">\n              <i class="fa-solid fa-pen-to-square"></i> Editar\n            </a>\n\n            \n          
</td>\n        </tr>\n        \n        <tr>\n          <td>\n            <div class="d-flex align-items-center">\n    
          <img\n                
src="https://ui-avatars.com/api/?name=Normal+User&background=0D6EFD&color=fff&rounded=true&size=45"\n                
class="rounded-circle me-3">\n              <div>\n                <strong>Normal User</strong><br>\n                
<small class="text-muted">ID: 2</small>\n              </div>\n            </div>\n          </td>\n\n          <td>\n 
           <small>user@test.com</small><br>\n            <small class="text-muted">123</small>\n          </td>\n\n    
      <td>\n            <span\n              class="badge bg-primary">\n              \n              Cliente\n        
      \n            </span>\n          </td>\n\n          <td>\n            <small>28/11/2025</small>\n          
</td>\n\n          <td>\n            <span class="badge bg-success">\n              <i class="bi bi-check-circle"></i> 
Activo\n            </span>\n          </td>\n\n          <td class="text-center">\n            <a 
href="/admin/usuarios/2"\n              class="btn btn-outline-primary btn-sm me-2">\n              <i class="fa-solid 
fa-eye"></i> Ver\n            </a>\n\n            <a href="/admin/usuarios/2/editar" class="btn btn-warning btn-sm 
me-2">\n              <i class="fa-solid fa-pen-to-square"></i> Editar\n            </a>\n\n            \n            
<button class="btn btn-danger btn-sm" onclick="eliminarUsuario(2)">\n              <i class="fa-solid 
fa-trash-can"></i> Eliminar\n            </button>\n            \n          </td>\n        </tr>\n        \n      
</tbody>\n    </table>\n  </div>\n</div>\n\n<!-- PAGINACI\xc3\x93N -->\n\n</div>\n\n<!-- MODAL ELIMINAR -->\n<div 
class="modal fade" id="eliminarModal" tabindex="-1">\n  <div class="modal-dialog">\n    <div class="modal-content">\n  
    <div class="modal-header bg-danger text-white">\n        <h5 class="modal-title fw-bold">Eliminar Usuario</h5>\n   
     <button type="button" class="btn-close" data-bs-dismiss="modal"></button>\n      </div>\n\n      <div 
class="modal-body">\n        <p>\xc2\xbfEst\xc3\xa1s seguro de que deseas eliminar este usuario?</p>\n        <p 
class="text-muted small">Esta acci\xc3\xb3n es permanente.</p>\n      </div>\n\n      <div class="modal-footer">\n     
   <button type="button" class="btn btn-secondary" data-bs-dismiss="modal">Cancelar</button>\n\n        <form 
method="POST" action="" id="eliminarForm">\n          <button type="submit" class="btn btn-danger">Eliminar</button>\n 
       </form>\n      </div>\n    </div>\n  </div>\n</div>\n\n<script>\n  function filtrarUsuarios() {\n    const 
search = document.getElementById("searchInput").value;\n    const role = 
document.getElementById("roleFilter").value;\n    const status = document.getElementById("statusFilter").value;\n\n    
let params = new URLSearchParams();\n    if (search) params.append("search", search);\n    if (role) 
params.append("rol", role);\n    if (status) params.append("estado", status);\n\n    window.location.href = 
window.location.pathname + "?" + params.toString();\n  }\n\n  function eliminarUsuario(id) {\n    const modal = new 
bootstrap.Modal(document.getElementById("eliminarModal"));\n    const form = 
document.getElementById("eliminarForm");\n\n    form.action = "/admin/usuarios/0/eliminar".replace("0", id);\n    
modal.show();\n  }\n</script>\n\n</main>\n\n    <footer class="footer-custom mt-5 py-5">\n        <div 
class="container">\n            <div class="row">\n                <div class="col-md-4 mb-4 mb-md-0">\n               
     <h5 class="text-white mb-3">\n                        <i class="fa-solid fa-recycle me-2"></i> Rentflow\n         
           </h5>\n                    <p class="small">\n                        La plataforma #1 para el alquiler de 
objetos entre particulares.\n                        Fomentando la econom\xc3\xada colaborativa y el uso eficiente 
de\n                        recursos.\n                    </p>\n                </div>\n                <div 
class="col-md-4 mb-4 mb-md-0">\n                    <h5 class="text-white mb-3">Enlaces R\xc3\xa1pidos</h5>\n          
          <ul class="list-unstyled">\n                        <li>\n                            <a href="#" 
class="text-decoration-none text-light-50">T\xc3\xa9rminos y Condiciones</a>\n                        </li>\n          
              <li>\n                            <a href="#" class="text-decoration-none text-light-50">Pol\xc3\xadtica 
de Privacidad</a>\n                        </li>\n                        <li>\n                            <a 
href="#" class="text-decoration-none text-light-50">Preguntas Frecuentes</a>\n                        </li>\n          
              <li>\n                            <a href="#" class="text-decoration-none text-light-50">Contacto</a>\n  
                      </li>\n                    </ul>\n                </div>\n                <div 
class="col-md-4">\n                    <h5 class="text-white mb-3">S\xc3\xadguenos</h5>\n                    <a 
href="#" class="text-white me-3"><i class="fab fa-facebook-f fa-lg"></i></a>\n                    <a href="#" 
class="text-white me-3"><i class="fab fa-twitter fa-lg"></i></a>\n                    <a href="#" class="text-white 
me-3"><i class="fab fa-instagram fa-lg"></i></a>\n                </div>\n            </div>\n            <hr 
class="mt-4 mb-3 border-secondary" />\n            <div class="text-center small">\n                &copy; 2025 
Rentflow. Todos los derechos reservados.\n            </div>\n        </div>\n    </footer>\n\n    <script 
src="https://cdn.jsdelivr.net/npm/bootstrap@5.3.3/dist/js/bootstrap.bundle.min.js"></script>\n\n    <script>\n        
// Inicializar tooltips de Bootstrap\n        var tooltipTriggerList = [].slice.call(\n            
document.querySelectorAll(\'[data-bs-toggle="tooltip"]\')\n        );\n        var tooltipList = 
tooltipTriggerList.map(function (tooltipTriggerEl) {\n            return new bootstrap.Tooltip(tooltipTriggerEl);\n    
    });\n\n        // Auto-ocultar alerts despu\xc3\xa9s de 5 segundos\n        
document.addEventListener("DOMContentLoaded", function () {\n            setTimeout(function () {\n                var 
alerts = document.querySelectorAll(".alert");\n                alerts.forEach(function (alert) {\n                    
var bsAlert =\n                        bootstrap.Alert.getInstance(alert) || new bootstrap.Alert(alert);\n             
       bsAlert.close();\n                });\n            }, 5000);\n        });\n    </script>\n</body>\n\n</html>'

----------------------------------------------------------------------
Ran 2 tests in 0.973s

FAILED (failures=1)
<sys>:0: ResourceWarning: unclosed database in <sqlite3.Connection object at 0x000001B8E8FCB5B0>
<sys>:0: ResourceWarning: unclosed database in <sqlite3.Connection object at 0x000001B8E9186020>
